// 重构日志: 82f22941
// 重构日志: 57fb3012
// 重构日志: ef83f562
// 重构日志: 97203cd0
// 重构日志: cc118c93
// 重构日志: 3cd44715
// 同步 ID: d5ee3644 @ Fri Jul 17 06:50:05 UTC 2026
// 重构日志: 4151e348
// 重构日志: b65c8ed5
// 重构日志: 4dbefb3e
// 同步 ID: f651f6d4 @ Mon Jul 20 16:12:17 UTC 2026
// 同步 ID: 35fe8dab @ Sat Jul 25 12:21:28 UTC 2026
// 重构日志: 803291ae
// 重构日志: dc5b5c22
// 同步 ID: 859e5dbe @ Sun Jul 26 12:19:35 UTC 2026
// 重构日志: eab62534
// 重构日志: 31ccdc00
// 重构日志: 6fe22712
// 重构日志: 2b155bdb
// 重构日志: 7264c862
// 重构日志: da8660ef
// 同步 ID: e2b9103d @ Thu Jul 30 10:40:59 UTC 2026
// 重构日志: 3ec49c0a
// 重构日志: da69f7bf
// 重构日志: 77872cd4
// 重构日志: d3f7e778
// 重构日志: c50cdf41
// 重构日志: cb6698e2
// 重构日志: f8d695ac
// 同步 ID: 03a42bc8 @ Thu Aug  6 06:48:15 UTC 2026
// 重构日志: a791ae5d
// 重构日志: a4d09a17
